  Engine.cpp
C:\Users\tay90\source\repos\FirstPhysicsEngine\FirstPhysicsEngine\Engine.cpp(68,13): warning C4244: 'initializing': conversion from 'float' to 'int', possible loss of data
C:\Users\tay90\source\repos\FirstPhysicsEngine\FirstPhysicsEngine\Engine.cpp(132,75): warning C4244: 'argument': conversion from 'double' to 'float', possible loss of data
C:\Users\tay90\source\repos\FirstPhysicsEngine\FirstPhysicsEngine\Engine.cpp(133,75): warning C4244: 'argument': conversion from 'double' to 'float', possible loss of data
C:\Users\tay90\source\repos\FirstPhysicsEngine\FirstPhysicsEngine\Engine.cpp(134,75): warning C4244: 'argument': conversion from 'double' to 'float', possible loss of data
C:\Users\tay90\source\repos\FirstPhysicsEngine\FirstPhysicsEngine\Engine.cpp(135,75): warning C4244: 'argument': conversion from 'double' to 'float', possible loss of data
C:\Users\tay90\source\repos\FirstPhysicsEngine\FirstPhysicsEngine\Engine.cpp(141,17): warning C4244: 'initializing': conversion from 'double' to 'float', possible loss of data
C:\Users\tay90\source\repos\FirstPhysicsEngine\FirstPhysicsEngine\Engine.cpp(142,18): warning C4244: 'initializing': conversion from 'double' to 'float', possible loss of data
C:\Users\tay90\source\repos\FirstPhysicsEngine\FirstPhysicsEngine\Engine.cpp(143,16): warning C4244: 'initializing': conversion from 'double' to 'float', possible loss of data
C:\Users\tay90\source\repos\FirstPhysicsEngine\FirstPhysicsEngine\Engine.cpp(144,19): warning C4244: 'initializing': conversion from 'double' to 'float', possible loss of data
C:\Users\tay90\source\repos\FirstPhysicsEngine\FirstPhysicsEngine\Engine.cpp(253,25): warning C4244: 'initializing': conversion from 'double' to 'float', possible loss of data
C:\Users\tay90\source\repos\FirstPhysicsEngine\FirstPhysicsEngine\Engine.cpp(255,26): warning C4244: 'initializing': conversion from 'double' to 'float', possible loss of data
C:\Users\tay90\source\repos\FirstPhysicsEngine\FirstPhysicsEngine\Engine.cpp(264,17): warning C4244: 'initializing': conversion from 'double' to 'float', possible loss of data
C:\Users\tay90\source\repos\FirstPhysicsEngine\FirstPhysicsEngine\Engine.cpp(266,17): warning C4244: 'initializing': conversion from 'double' to 'float', possible loss of data
C:\Users\tay90\source\repos\FirstPhysicsEngine\FirstPhysicsEngine\Engine.cpp(268,17): warning C4244: 'initializing': conversion from 'double' to 'float', possible loss of data
C:\Users\tay90\source\repos\FirstPhysicsEngine\FirstPhysicsEngine\Engine.cpp(270,17): warning C4244: 'initializing': conversion from 'double' to 'float', possible loss of data
C:\Users\tay90\source\repos\FirstPhysicsEngine\FirstPhysicsEngine\Engine.cpp(272,22): warning C4244: 'initializing': conversion from 'double' to 'float', possible loss of data
C:\Users\tay90\source\repos\FirstPhysicsEngine\FirstPhysicsEngine\Engine.cpp(274,22): warning C4244: 'initializing': conversion from 'double' to 'float', possible loss of data
C:\Users\tay90\source\repos\FirstPhysicsEngine\FirstPhysicsEngine\Engine.cpp(276,22): warning C4244: 'initializing': conversion from 'double' to 'float', possible loss of data
C:\Users\tay90\source\repos\FirstPhysicsEngine\FirstPhysicsEngine\Engine.cpp(278,22): warning C4244: 'initializing': conversion from 'double' to 'float', possible loss of data
  FirstPhysicsEngine.vcxproj -> C:\Users\tay90\source\repos\FirstPhysicsEngine\x64\Debug\FirstPhysicsEngine.exe
  C:\Users\tay90\source\repos\FirstPhysicsEngine\x64\Debug\FirstPhysicsEngine.exe: message: deploying dependencies
  C:\Users\tay90\vcpkg\installed\x64-windows\debug\bin\sfml-graphics-d-3.dll -> C:\Users\tay90\source\repos\FirstPhysicsEngine\x64\Debug\sfml-graphics-d-3.dll skipped, up to date
  C:\Users\tay90\source\repos\FirstPhysicsEngine\x64\Debug\sfml-graphics-d-3.dll: message: deploying dependencies
  C:\Users\tay90\vcpkg\installed\x64-windows\debug\bin\sfml-window-d-3.dll -> C:\Users\tay90\source\repos\FirstPhysicsEngine\x64\Debug\sfml-window-d-3.dll skipped, up to date
  C:\Users\tay90\source\repos\FirstPhysicsEngine\x64\Debug\sfml-window-d-3.dll: message: deploying dependencies
  C:\Users\tay90\vcpkg\installed\x64-windows\debug\bin\sfml-system-d-3.dll -> C:\Users\tay90\source\repos\FirstPhysicsEngine\x64\Debug\sfml-system-d-3.dll skipped, up to date
  C:\Users\tay90\source\repos\FirstPhysicsEngine\x64\Debug\sfml-system-d-3.dll: message: deploying dependencies
  C:\Users\tay90\vcpkg\installed\x64-windows\debug\bin\freetyped.dll -> C:\Users\tay90\source\repos\FirstPhysicsEngine\x64\Debug\freetyped.dll skipped, up to date
  C:\Users\tay90\source\repos\FirstPhysicsEngine\x64\Debug\freetyped.dll: message: deploying dependencies
  C:\Users\tay90\vcpkg\installed\x64-windows\debug\bin\zd.dll -> C:\Users\tay90\source\repos\FirstPhysicsEngine\x64\Debug\zd.dll skipped, up to date
  C:\Users\tay90\source\repos\FirstPhysicsEngine\x64\Debug\zd.dll: message: deploying dependencies
  C:\Users\tay90\vcpkg\installed\x64-windows\debug\bin\bz2d.dll -> C:\Users\tay90\source\repos\FirstPhysicsEngine\x64\Debug\bz2d.dll skipped, up to date
  C:\Users\tay90\source\repos\FirstPhysicsEngine\x64\Debug\bz2d.dll: message: deploying dependencies
  C:\Users\tay90\vcpkg\installed\x64-windows\debug\bin\libpng16d.dll -> C:\Users\tay90\source\repos\FirstPhysicsEngine\x64\Debug\libpng16d.dll skipped, up to date
  C:\Users\tay90\source\repos\FirstPhysicsEngine\x64\Debug\libpng16d.dll: message: deploying dependencies
  C:\Users\tay90\vcpkg\installed\x64-windows\debug\bin\brotlidec.dll -> C:\Users\tay90\source\repos\FirstPhysicsEngine\x64\Debug\brotlidec.dll skipped, up to date
  C:\Users\tay90\source\repos\FirstPhysicsEngine\x64\Debug\brotlidec.dll: message: deploying dependencies
  C:\Users\tay90\vcpkg\installed\x64-windows\debug\bin\brotlicommon.dll -> C:\Users\tay90\source\repos\FirstPhysicsEngine\x64\Debug\brotlicommon.dll skipped, up to date
  C:\Users\tay90\source\repos\FirstPhysicsEngine\x64\Debug\brotlicommon.dll: message: deploying dependencies
